2026/05/05 20:14:14 [notice] 1#1: using the "epoll" event method
2026/05/05 20:14:14 [notice] 1#1: nginx/1.25.1
2026/05/05 20:14:14 [notice] 1#1: built by gcc 12.2.0 (Debian 12.2.0-14) 
2026/05/05 20:14:14 [notice] 1#1: OS: Linux 6.6.87.2-microsoft-standard-WSL2
2026/05/05 20:14:14 [notice] 1#1: getrlimit(RLIMIT_NOFILE): 1048576:1048576
2026/05/05 20:14:14 [notice] 1#1: start worker processes
2026/05/05 20:14:14 [notice] 1#1: start worker process 20
2026/05/05 20:14:14 [notice] 1#1: start worker process 21
2026/05/05 20:14:14 [notice] 1#1: start worker process 22
2026/05/05 20:14:14 [notice] 1#1: start worker process 23
2026/05/05 20:14:14 [notice] 1#1: start worker process 24
2026/05/05 20:14:14 [notice] 1#1: start worker process 25
2026/05/05 20:14:14 [notice] 1#1: start worker process 26
2026/05/05 20:14:14 [notice] 1#1: start worker process 27
2026/05/05 20:14:14 [notice] 1#1: start worker process 28
2026/05/05 20:14:14 [notice] 1#1: start worker process 29
2026/05/05 20:14:14 [notice] 1#1: start worker process 30
2026/05/05 20:14:14 [notice] 1#1: start worker process 31
2026/05/05 20:14:14 [notice] 1#1: start worker process 32
2026/05/05 20:14:14 [notice] 1#1: start worker process 33
2026/05/05 20:14:14 [notice] 1#1: start worker process 34
2026/05/05 20:14:14 [notice] 1#1: start worker process 35
2026/05/05 20:16:09 [notice] 1#1: signal 3 (SIGQUIT) received, shutting down
2026/05/05 20:16:09 [notice] 20#20: gracefully shutting down
2026/05/05 20:16:09 [notice] 32#32: gracefully shutting down
2026/05/05 20:16:09 [notice] 21#21: gracefully shutting down
2026/05/05 20:16:09 [notice] 22#22: gracefully shutting down
2026/05/05 20:16:09 [notice] 23#23: gracefully shutting down
2026/05/05 20:16:09 [notice] 24#24: gracefully shutting down
2026/05/05 20:16:09 [notice] 26#26: gracefully shutting down
2026/05/05 20:16:09 [notice] 27#27: gracefully shutting down
2026/05/05 20:16:09 [notice] 25#25: gracefully shutting down
2026/05/05 20:16:09 [notice] 28#28: gracefully shutting down
2026/05/05 20:16:09 [notice] 31#31: gracefully shutting down
2026/05/05 20:16:09 [notice] 30#30: gracefully shutting down
2026/05/05 20:16:09 [notice] 29#29: gracefully shutting down
2026/05/05 20:16:09 [notice] 33#33: gracefully shutting down
2026/05/05 20:16:09 [notice] 34#34: gracefully shutting down
2026/05/05 20:16:09 [notice] 35#35: gracefully shutting down
2026/05/05 20:16:09 [notice] 20#20: exiting
2026/05/05 20:16:09 [notice] 32#32: exiting
2026/05/05 20:16:09 [notice] 21#21: exiting
2026/05/05 20:16:09 [notice] 22#22: exiting
2026/05/05 20:16:09 [notice] 32#32: exit
2026/05/05 20:16:09 [notice] 23#23: exiting
2026/05/05 20:16:09 [notice] 22#22: exit
2026/05/05 20:16:09 [notice] 24#24: exiting
2026/05/05 20:16:09 [notice] 26#26: exiting
2026/05/05 20:16:09 [notice] 27#27: exiting
2026/05/05 20:16:09 [notice] 24#24: exit
2026/05/05 20:16:09 [notice] 25#25: exiting
2026/05/05 20:16:09 [notice] 27#27: exit
2026/05/05 20:16:09 [notice] 28#28: exiting
2026/05/05 20:16:09 [notice] 31#31: exiting
2026/05/05 20:16:09 [notice] 30#30: exiting
2026/05/05 20:16:09 [notice] 29#29: exiting
2026/05/05 20:16:09 [notice] 33#33: exiting
2026/05/05 20:16:09 [notice] 34#34: exiting
2026/05/05 20:16:09 [notice] 35#35: exiting
2026/05/05 20:16:09 [notice] 20#20: exit
2026/05/05 20:16:09 [notice] 21#21: exit
2026/05/05 20:16:09 [notice] 23#23: exit
2026/05/05 20:16:09 [notice] 26#26: exit
2026/05/05 20:16:09 [notice] 25#25: exit
2026/05/05 20:16:09 [notice] 28#28: exit
2026/05/05 20:16:09 [notice] 31#31: exit
2026/05/05 20:16:09 [notice] 30#30: exit
2026/05/05 20:16:09 [notice] 29#29: exit
2026/05/05 20:16:09 [notice] 33#33: exit
2026/05/05 20:16:09 [notice] 34#34: exit
2026/05/05 20:16:09 [notice] 35#35: exit
2026/05/05 20:16:09 [notice] 1#1: signal 17 (SIGCHLD) received from 25
2026/05/05 20:16:09 [notice] 1#1: worker process 20 exited with code 0
2026/05/05 20:16:09 [notice] 1#1: worker process 24 exited with code 0
2026/05/05 20:16:09 [notice] 1#1: worker process 25 exited with code 0
2026/05/05 20:16:09 [notice] 1#1: worker process 30 exited with code 0
2026/05/05 20:16:09 [notice] 1#1: worker process 33 exited with code 0
2026/05/05 20:16:09 [notice] 1#1: signal 29 (SIGIO) received
2026/05/05 20:16:09 [notice] 1#1: signal 17 (SIGCHLD) received from 30
2026/05/05 20:16:09 [notice] 1#1: signal 17 (SIGCHLD) received from 23
2026/05/05 20:16:09 [notice] 1#1: worker process 21 exited with code 0
2026/05/05 20:16:09 [notice] 1#1: worker process 22 exited with code 0
2026/05/05 20:16:09 [notice] 1#1: worker process 23 exited with code 0
2026/05/05 20:16:09 [notice] 1#1: worker process 31 exited with code 0
2026/05/05 20:16:09 [notice] 1#1: worker process 32 exited with code 0
2026/05/05 20:16:09 [notice] 1#1: worker process 35 exited with code 0
2026/05/05 20:16:09 [notice] 1#1: signal 29 (SIGIO) received
2026/05/05 20:16:09 [notice] 1#1: signal 17 (SIGCHLD) received from 22
2026/05/05 20:16:09 [notice] 1#1: signal 17 (SIGCHLD) received from 26
2026/05/05 20:16:09 [notice] 1#1: worker process 26 exited with code 0
2026/05/05 20:16:09 [notice] 1#1: worker process 27 exited with code 0
2026/05/05 20:16:09 [notice] 1#1: worker process 29 exited with code 0
2026/05/05 20:16:09 [notice] 1#1: worker process 34 exited with code 0
2026/05/05 20:16:09 [notice] 1#1: signal 29 (SIGIO) received
2026/05/05 20:16:09 [notice] 1#1: signal 17 (SIGCHLD) received from 29
2026/05/05 20:16:09 [notice] 1#1: signal 17 (SIGCHLD) received from 28
2026/05/05 20:16:09 [notice] 1#1: worker process 28 exited with code 0
2026/05/05 20:16:09 [notice] 1#1: exit
2026/05/05 20:16:09 [notice] 1#1: using the "epoll" event method
2026/05/05 20:16:09 [notice] 1#1: nginx/1.25.1
2026/05/05 20:16:09 [notice] 1#1: built by gcc 12.2.0 (Debian 12.2.0-14) 
2026/05/05 20:16:09 [notice] 1#1: OS: Linux 6.6.87.2-microsoft-standard-WSL2
2026/05/05 20:16:09 [notice] 1#1: getrlimit(RLIMIT_NOFILE): 1048576:1048576
2026/05/05 20:16:09 [notice] 1#1: start worker processes
2026/05/05 20:16:09 [notice] 1#1: start worker process 20
2026/05/05 20:16:09 [notice] 1#1: start worker process 21
2026/05/05 20:16:09 [notice] 1#1: start worker process 22
2026/05/05 20:16:09 [notice] 1#1: start worker process 23
2026/05/05 20:16:09 [notice] 1#1: start worker process 24
2026/05/05 20:16:09 [notice] 1#1: start worker process 25
2026/05/05 20:16:09 [notice] 1#1: start worker process 26
2026/05/05 20:16:09 [notice] 1#1: start worker process 27
2026/05/05 20:16:09 [notice] 1#1: start worker process 28
2026/05/05 20:16:09 [notice] 1#1: start worker process 29
2026/05/05 20:16:09 [notice] 1#1: start worker process 30
2026/05/05 20:16:09 [notice] 1#1: start worker process 31
2026/05/05 20:16:09 [notice] 1#1: start worker process 32
2026/05/05 20:16:09 [notice] 1#1: start worker process 33
2026/05/05 20:16:09 [notice] 1#1: start worker process 34
2026/05/05 20:16:09 [notice] 1#1: start worker process 35
2026/05/05 20:16:23 [notice] 1#1: signal 3 (SIGQUIT) received, shutting down
2026/05/05 20:16:23 [notice] 20#20: gracefully shutting down
2026/05/05 20:16:23 [notice] 29#29: gracefully shutting down
2026/05/05 20:16:23 [notice] 21#21: gracefully shutting down
2026/05/05 20:16:23 [notice] 22#22: gracefully shutting down
2026/05/05 20:16:23 [notice] 24#24: gracefully shutting down
2026/05/05 20:16:23 [notice] 28#28: gracefully shutting down
2026/05/05 20:16:23 [notice] 28#28: exiting
2026/05/05 20:16:23 [notice] 27#27: gracefully shutting down
2026/05/05 20:16:23 [notice] 26#26: gracefully shutting down
2026/05/05 20:16:23 [notice] 25#25: gracefully shutting down
2026/05/05 20:16:23 [notice] 30#30: gracefully shutting down
2026/05/05 20:16:23 [notice] 31#31: gracefully shutting down
2026/05/05 20:16:23 [notice] 32#32: gracefully shutting down
2026/05/05 20:16:23 [notice] 34#34: gracefully shutting down
2026/05/05 20:16:23 [notice] 33#33: gracefully shutting down
2026/05/05 20:16:23 [notice] 23#23: gracefully shutting down
2026/05/05 20:16:23 [notice] 35#35: gracefully shutting down
2026/05/05 20:16:23 [notice] 20#20: exiting
2026/05/05 20:16:23 [notice] 29#29: exiting
2026/05/05 20:16:23 [notice] 21#21: exiting
2026/05/05 20:16:23 [notice] 22#22: exiting
2026/05/05 20:16:23 [notice] 24#24: exiting
2026/05/05 20:16:23 [notice] 27#27: exiting
2026/05/05 20:16:23 [notice] 26#26: exiting
2026/05/05 20:16:23 [notice] 25#25: exiting
2026/05/05 20:16:23 [notice] 30#30: exiting
2026/05/05 20:16:23 [notice] 28#28: exit
2026/05/05 20:16:23 [notice] 31#31: exiting
2026/05/05 20:16:23 [notice] 32#32: exiting
2026/05/05 20:16:23 [notice] 34#34: exiting
2026/05/05 20:16:23 [notice] 33#33: exiting
2026/05/05 20:16:23 [notice] 23#23: exiting
2026/05/05 20:16:23 [notice] 35#35: exiting
2026/05/05 20:16:23 [notice] 20#20: exit
2026/05/05 20:16:23 [notice] 29#29: exit
2026/05/05 20:16:23 [notice] 21#21: exit
2026/05/05 20:16:23 [notice] 27#27: exit
2026/05/05 20:16:23 [notice] 24#24: exit
2026/05/05 20:16:23 [notice] 22#22: exit
2026/05/05 20:16:23 [notice] 26#26: exit
2026/05/05 20:16:23 [notice] 25#25: exit
2026/05/05 20:16:23 [notice] 30#30: exit
2026/05/05 20:16:23 [notice] 31#31: exit
2026/05/05 20:16:23 [notice] 32#32: exit
2026/05/05 20:16:23 [notice] 34#34: exit
2026/05/05 20:16:23 [notice] 33#33: exit
2026/05/05 20:16:23 [notice] 23#23: exit
2026/05/05 20:16:23 [notice] 35#35: exit
2026/05/05 20:16:23 [notice] 1#1: signal 17 (SIGCHLD) received from 21
2026/05/05 20:16:23 [notice] 1#1: worker process 21 exited with code 0
2026/05/05 20:16:23 [notice] 1#1: signal 29 (SIGIO) received
2026/05/05 20:16:23 [notice] 1#1: signal 17 (SIGCHLD) received from 35
2026/05/05 20:16:23 [notice] 1#1: worker process 35 exited with code 0
2026/05/05 20:16:23 [notice] 1#1: signal 29 (SIGIO) received
2026/05/05 20:16:23 [notice] 1#1: signal 17 (SIGCHLD) received from 26
2026/05/05 20:16:23 [notice] 1#1: worker process 22 exited with code 0
2026/05/05 20:16:23 [notice] 1#1: worker process 26 exited with code 0
2026/05/05 20:16:23 [notice] 1#1: worker process 27 exited with code 0
2026/05/05 20:16:23 [notice] 1#1: worker process 29 exited with code 0
2026/05/05 20:16:23 [notice] 1#1: worker process 31 exited with code 0
2026/05/05 20:16:23 [notice] 1#1: worker process 34 exited with code 0
2026/05/05 20:16:23 [notice] 1#1: signal 29 (SIGIO) received
2026/05/05 20:16:23 [notice] 1#1: signal 17 (SIGCHLD) received from 31
2026/05/05 20:16:23 [notice] 1#1: signal 17 (SIGCHLD) received from 20
2026/05/05 20:16:23 [notice] 1#1: worker process 20 exited with code 0
2026/05/05 20:16:23 [notice] 1#1: worker process 24 exited with code 0
2026/05/05 20:16:23 [notice] 1#1: worker process 32 exited with code 0
2026/05/05 20:16:23 [notice] 1#1: signal 29 (SIGIO) received
2026/05/05 20:16:23 [notice] 1#1: signal 17 (SIGCHLD) received from 24
2026/05/05 20:16:23 [notice] 1#1: signal 17 (SIGCHLD) received from 28
2026/05/05 20:16:23 [notice] 1#1: worker process 28 exited with code 0
2026/05/05 20:16:23 [notice] 1#1: signal 29 (SIGIO) received
2026/05/05 20:16:23 [notice] 1#1: signal 17 (SIGCHLD) received from 33
2026/05/05 20:16:23 [notice] 1#1: worker process 33 exited with code 0
2026/05/05 20:16:23 [notice] 1#1: signal 29 (SIGIO) received
2026/05/05 20:16:23 [notice] 1#1: signal 17 (SIGCHLD) received from 25
2026/05/05 20:16:23 [notice] 1#1: worker process 25 exited with code 0
2026/05/05 20:16:23 [notice] 1#1: signal 29 (SIGIO) received
2026/05/05 20:16:23 [notice] 1#1: signal 17 (SIGCHLD) received from 23
2026/05/05 20:16:23 [notice] 1#1: worker process 23 exited with code 0
2026/05/05 20:16:23 [notice] 1#1: worker process 30 exited with code 0
2026/05/05 20:16:23 [notice] 1#1: exit
2026/05/05 20:16:24 [notice] 1#1: using the "epoll" event method
2026/05/05 20:16:24 [notice] 1#1: nginx/1.25.1
2026/05/05 20:16:24 [notice] 1#1: built by gcc 12.2.0 (Debian 12.2.0-14) 
2026/05/05 20:16:24 [notice] 1#1: OS: Linux 6.6.87.2-microsoft-standard-WSL2
2026/05/05 20:16:24 [notice] 1#1: getrlimit(RLIMIT_NOFILE): 1048576:1048576
2026/05/05 20:16:24 [notice] 1#1: start worker processes
2026/05/05 20:16:24 [notice] 1#1: start worker process 20
2026/05/05 20:16:24 [notice] 1#1: start worker process 21
2026/05/05 20:16:24 [notice] 1#1: start worker process 22
2026/05/05 20:16:24 [notice] 1#1: start worker process 23
2026/05/05 20:16:24 [notice] 1#1: start worker process 24
2026/05/05 20:16:24 [notice] 1#1: start worker process 25
2026/05/05 20:16:24 [notice] 1#1: start worker process 26
2026/05/05 20:16:24 [notice] 1#1: start worker process 27
2026/05/05 20:16:24 [notice] 1#1: start worker process 28
2026/05/05 20:16:24 [notice] 1#1: start worker process 29
2026/05/05 20:16:24 [notice] 1#1: start worker process 30
2026/05/05 20:16:24 [notice] 1#1: start worker process 31
2026/05/05 20:16:24 [notice] 1#1: start worker process 32
2026/05/05 20:16:24 [notice] 1#1: start worker process 33
2026/05/05 20:16:24 [notice] 1#1: start worker process 34
2026/05/05 20:16:24 [notice] 1#1: start worker process 35
2026/05/06 07:16:07 [notice] 1#1: signal 3 (SIGQUIT) received, shutting down
2026/05/06 07:16:07 [notice] 20#20: gracefully shutting down
2026/05/06 07:16:07 [notice] 21#21: gracefully shutting down
2026/05/06 07:16:07 [notice] 22#22: gracefully shutting down
2026/05/06 07:16:07 [notice] 24#24: gracefully shutting down
2026/05/06 07:16:07 [notice] 23#23: gracefully shutting down
2026/05/06 07:16:07 [notice] 25#25: gracefully shutting down
2026/05/06 07:16:07 [notice] 27#27: gracefully shutting down
2026/05/06 07:16:07 [notice] 28#28: gracefully shutting down
2026/05/06 07:16:07 [notice] 26#26: gracefully shutting down
2026/05/06 07:16:07 [notice] 31#31: gracefully shutting down
2026/05/06 07:16:07 [notice] 30#30: gracefully shutting down
2026/05/06 07:16:07 [notice] 32#32: gracefully shutting down
2026/05/06 07:16:07 [notice] 33#33: gracefully shutting down
2026/05/06 07:16:07 [notice] 29#29: gracefully shutting down
2026/05/06 07:16:07 [notice] 35#35: gracefully shutting down
2026/05/06 07:16:07 [notice] 34#34: gracefully shutting down
2026/05/06 07:16:07 [notice] 20#20: exiting
2026/05/06 07:16:07 [notice] 21#21: exiting
2026/05/06 07:16:07 [notice] 22#22: exiting
2026/05/06 07:16:07 [notice] 24#24: exiting
2026/05/06 07:16:07 [notice] 23#23: exiting
2026/05/06 07:16:07 [notice] 27#27: exiting
2026/05/06 07:16:07 [notice] 25#25: exiting
2026/05/06 07:16:07 [notice] 28#28: exiting
2026/05/06 07:16:07 [notice] 26#26: exiting
2026/05/06 07:16:07 [notice] 31#31: exiting
2026/05/06 07:16:07 [notice] 27#27: exit
2026/05/06 07:16:07 [notice] 32#32: exiting
2026/05/06 07:16:07 [notice] 33#33: exiting
2026/05/06 07:16:07 [notice] 30#30: exiting
2026/05/06 07:16:07 [notice] 31#31: exit
2026/05/06 07:16:07 [notice] 29#29: exiting
2026/05/06 07:16:07 [notice] 35#35: exiting
2026/05/06 07:16:07 [notice] 34#34: exiting
2026/05/06 07:16:07 [notice] 21#21: exit
2026/05/06 07:16:07 [notice] 20#20: exit
2026/05/06 07:16:07 [notice] 23#23: exit
2026/05/06 07:16:07 [notice] 22#22: exit
2026/05/06 07:16:07 [notice] 24#24: exit
2026/05/06 07:16:07 [notice] 25#25: exit
2026/05/06 07:16:07 [notice] 28#28: exit
2026/05/06 07:16:07 [notice] 26#26: exit
2026/05/06 07:16:07 [notice] 32#32: exit
2026/05/06 07:16:07 [notice] 33#33: exit
2026/05/06 07:16:07 [notice] 30#30: exit
2026/05/06 07:16:07 [notice] 29#29: exit
2026/05/06 07:16:07 [notice] 35#35: exit
2026/05/06 07:16:07 [notice] 34#34: exit
2026/05/06 07:16:07 [notice] 1#1: signal 17 (SIGCHLD) received from 27
2026/05/06 07:16:07 [notice] 1#1: worker process 24 exited with code 0
2026/05/06 07:16:07 [notice] 1#1: worker process 26 exited with code 0
2026/05/06 07:16:07 [notice] 1#1: worker process 27 exited with code 0
2026/05/06 07:16:07 [notice] 1#1: worker process 33 exited with code 0
2026/05/06 07:16:07 [notice] 1#1: signal 29 (SIGIO) received
2026/05/06 07:16:07 [notice] 1#1: signal 17 (SIGCHLD) received from 33
2026/05/06 07:16:07 [notice] 1#1: signal 17 (SIGCHLD) received from 21
2026/05/06 07:16:07 [notice] 1#1: worker process 20 exited with code 0
2026/05/06 07:16:07 [notice] 1#1: worker process 21 exited with code 0
2026/05/06 07:16:07 [notice] 1#1: worker process 28 exited with code 0
2026/05/06 07:16:07 [notice] 1#1: worker process 29 exited with code 0
2026/05/06 07:16:07 [notice] 1#1: worker process 30 exited with code 0
2026/05/06 07:16:07 [notice] 1#1: worker process 31 exited with code 0
2026/05/06 07:16:07 [notice] 1#1: signal 29 (SIGIO) received
2026/05/06 07:16:07 [notice] 1#1: signal 17 (SIGCHLD) received from 20
2026/05/06 07:16:07 [notice] 1#1: signal 17 (SIGCHLD) received from 22
2026/05/06 07:16:07 [notice] 1#1: worker process 22 exited with code 0
2026/05/06 07:16:07 [notice] 1#1: worker process 23 exited with code 0
2026/05/06 07:16:07 [notice] 1#1: worker process 25 exited with code 0
2026/05/06 07:16:07 [notice] 1#1: worker process 32 exited with code 0
2026/05/06 07:16:07 [notice] 1#1: worker process 34 exited with code 0
2026/05/06 07:16:07 [notice] 1#1: worker process 35 exited with code 0
2026/05/06 07:16:07 [notice] 1#1: exit
2026/05/06 07:16:09 [emerg] 1#1: cannot load certificate "/etc/nginx/ssl/_.kiyasu.nat100.top.pem": BIO_new_file() failed (SSL: error:80000002:system library::No such file or directory:calling fopen(/etc/nginx/ssl/_.kiyasu.nat100.top.pem, r) error:10000080:BIO routines::no such file)
2026/05/06 07:16:09 [emerg] 1#1: cannot load certificate "/etc/nginx/ssl/_.kiyasu.nat100.top.pem": BIO_new_file() failed (SSL: error:80000002:system library::No such file or directory:calling fopen(/etc/nginx/ssl/_.kiyasu.nat100.top.pem, r) error:10000080:BIO routines::no such file)
2026/05/06 07:16:10 [emerg] 1#1: cannot load certificate "/etc/nginx/ssl/_.kiyasu.nat100.top.pem": BIO_new_file() failed (SSL: error:80000002:system library::No such file or directory:calling fopen(/etc/nginx/ssl/_.kiyasu.nat100.top.pem, r) error:10000080:BIO routines::no such file)
2026/05/06 07:16:11 [emerg] 1#1: cannot load certificate "/etc/nginx/ssl/_.kiyasu.nat100.top.pem": BIO_new_file() failed (SSL: error:80000002:system library::No such file or directory:calling fopen(/etc/nginx/ssl/_.kiyasu.nat100.top.pem, r) error:10000080:BIO routines::no such file)
2026/05/06 07:16:12 [emerg] 1#1: cannot load certificate "/etc/nginx/ssl/_.kiyasu.nat100.top.pem": BIO_new_file() failed (SSL: error:80000002:system library::No such file or directory:calling fopen(/etc/nginx/ssl/_.kiyasu.nat100.top.pem, r) error:10000080:BIO routines::no such file)
2026/05/06 07:16:14 [emerg] 1#1: cannot load certificate "/etc/nginx/ssl/_.kiyasu.nat100.top.pem": BIO_new_file() failed (SSL: error:80000002:system library::No such file or directory:calling fopen(/etc/nginx/ssl/_.kiyasu.nat100.top.pem, r) error:10000080:BIO routines::no such file)
2026/05/06 07:16:17 [emerg] 1#1: cannot load certificate "/etc/nginx/ssl/_.kiyasu.nat100.top.pem": BIO_new_file() failed (SSL: error:80000002:system library::No such file or directory:calling fopen(/etc/nginx/ssl/_.kiyasu.nat100.top.pem, r) error:10000080:BIO routines::no such file)
2026/05/06 07:16:24 [emerg] 1#1: cannot load certificate "/etc/nginx/ssl/_.kiyasu.nat100.top.pem": BIO_new_file() failed (SSL: error:80000002:system library::No such file or directory:calling fopen(/etc/nginx/ssl/_.kiyasu.nat100.top.pem, r) error:10000080:BIO routines::no such file)
2026/05/06 07:16:37 [emerg] 1#1: cannot load certificate "/etc/nginx/ssl/_.kiyasu.nat100.top.pem": BIO_new_file() failed (SSL: error:80000002:system library::No such file or directory:calling fopen(/etc/nginx/ssl/_.kiyasu.nat100.top.pem, r) error:10000080:BIO routines::no such file)
2026/05/06 07:17:03 [emerg] 1#1: cannot load certificate "/etc/nginx/ssl/_.kiyasu.nat100.top.pem": BIO_new_file() failed (SSL: error:80000002:system library::No such file or directory:calling fopen(/etc/nginx/ssl/_.kiyasu.nat100.top.pem, r) error:10000080:BIO routines::no such file)
2026/05/06 07:17:55 [warn] 1#1: conflicting server name "192.168.1.101" on 0.0.0.0:443, ignored
2026/05/06 07:17:55 [notice] 1#1: using the "epoll" event method
2026/05/06 07:17:55 [notice] 1#1: nginx/1.25.1
2026/05/06 07:17:55 [notice] 1#1: built by gcc 12.2.0 (Debian 12.2.0-14) 
2026/05/06 07:17:55 [notice] 1#1: OS: Linux 6.6.87.2-microsoft-standard-WSL2
2026/05/06 07:17:55 [notice] 1#1: getrlimit(RLIMIT_NOFILE): 1048576:1048576
2026/05/06 07:17:55 [notice] 1#1: start worker processes
2026/05/06 07:17:55 [notice] 1#1: start worker process 20
2026/05/06 07:17:55 [notice] 1#1: start worker process 21
2026/05/06 07:17:55 [notice] 1#1: start worker process 22
2026/05/06 07:17:55 [notice] 1#1: start worker process 23
2026/05/06 07:17:55 [notice] 1#1: start worker process 24
2026/05/06 07:17:55 [notice] 1#1: start worker process 25
2026/05/06 07:17:55 [notice] 1#1: start worker process 26
2026/05/06 07:17:55 [notice] 1#1: start worker process 27
2026/05/06 07:17:55 [notice] 1#1: start worker process 28
2026/05/06 07:17:55 [notice] 1#1: start worker process 29
2026/05/06 07:17:55 [notice] 1#1: start worker process 30
2026/05/06 07:17:55 [notice] 1#1: start worker process 31
2026/05/06 07:17:55 [notice] 1#1: start worker process 32
2026/05/06 07:17:55 [notice] 1#1: start worker process 33
2026/05/06 07:17:55 [notice] 1#1: start worker process 34
2026/05/06 07:17:55 [notice] 1#1: start worker process 35
